// Jest Snapshot v1, https://goo.gl/fbAQLP

exports[`Person Detail should handle all dates that may be passed to it 1`] = `"<div class=\\"person-details\\"><section><div><h2>Basic Info</h2></div><p>Gender: Male</p><p>Certainity of identification: 5</p><code>(Rating from 1-5, with 5 being agreement among scholars and 1 being considerable confusion as to the person.)</code></section><section class=\\"inline\\"><div><h2>Social Class Info</h2></div><ul><li>Citizen: Yes</li><li>Equestrian: No</li><li>Senatorial: Yes</li><li>Consular: Yes</li></ul></section><section><div><h2>Key Dates</h2></div><ul><li>Birth: 60</li><li>Death: 96</li><li>Cos. 78</li><li>Cos. suff.: 97</li><li>Floruit: 70</li></ul></section><section><div><h2>Letters to</h2></div><ul><li>1.6</li><li>1.20</li><li>4.13</li><li>6.9</li><li>6.16</li><li>6.20</li><li>7.20</li><li>7.33</li><li>8.7</li><li>9.10</li><li>9.14</li></ul></section><section><div><h2>Citations</h2></div><ul class=\\"vertical\\"><li>A.N. Sherwin-White, <em>The Letters of Pliny: A Social and Historical Commentary</em> (Oxford: Clarendon, 1966), 99-100.</li><li>Anthony R. Birley, <em>An Onomasticon to the Younger Pliny: <em>Letters</em> and <em>Panegryic</em></em> (Leipzig: K G Saur, 2000), 53.</li><li>G. Alföldy, \\"Bricht der Schweigsame sein Schweigen?,\\" <em>Mitteilungen des Deutschen Archäologischen Instituts, Römische Abteilung</em> 102 (1995): 251-268.</li><li>Anthony R. Birley, \\"The life and death of Cornelius Tacitus,\\" <em>Historia</em> 49 (2000): 230-247.</li></ul></section></div>"`;

exports[`Person Detail should render api data passed as a prop 1`] = `"<div class=\\"person-details\\"><section><div><h2>Basic Info</h2></div><p>Gender: Male</p><p>Certainity of identification: 5</p><code>(Rating from 1-5, with 5 being agreement among scholars and 1 being considerable confusion as to the person.)</code></section><section class=\\"inline\\"><div><h2>Social Class Info</h2></div><ul><li>Citizen: Yes</li><li>Equestrian: No</li><li>Senatorial: Yes</li><li>Consular: Yes</li></ul></section><section><div><h2>Key Dates</h2></div><ul><li>Cos. suff.: 97</li></ul></section><section><div><h2>Letters to</h2></div><ul><li>1.6</li><li>1.20</li><li>4.13</li><li>6.9</li><li>6.16</li><li>6.20</li><li>7.20</li><li>7.33</li><li>8.7</li><li>9.10</li><li>9.14</li></ul></section><section><div><h2>Citations</h2></div><ul class=\\"vertical\\"><li>A.N. Sherwin-White, <em>The Letters of Pliny: A Social and Historical Commentary</em> (Oxford: Clarendon, 1966), 99-100.</li><li>Anthony R. Birley, <em>An Onomasticon to the Younger Pliny: <em>Letters</em> and <em>Panegryic</em></em> (Leipzig: K G Saur, 2000), 53.</li><li>G. Alföldy, \\"Bricht der Schweigsame sein Schweigen?,\\" <em>Mitteilungen des Deutschen Archäologischen Instituts, Römische Abteilung</em> 102 (1995): 251-268.</li><li>Anthony R. Birley, \\"The life and death of Cornelius Tacitus,\\" <em>Historia</em> 49 (2000): 230-247.</li></ul></section></div>"`;
